[error] The named parameter 'backgroundColor' isn't defined (c:\users\mertc\studioprojects\kpss_2026\lib\features\dashboard\pages\profile_page.dart:376:7)